------------------------------------------------------------
TimeQuest Timing Analyzer Summary
------------------------------------------------------------

Type  : Slow 1200mV 85C Model Setup 'inst2|altpll_component|auto_generated|pll1|clk[0]'
Slack : -6.806
TNS   : -94.848

Type  : Slow 1200mV 85C Model Setup 'VGA_SYNC:inst|vert_sync_out'
Slack : -5.164
TNS   : -290.503

Type  : Slow 1200mV 85C Model Setup 'MOUSE:inst6|MOUSE_CLK_FILTER'
Slack : -1.889
TNS   : -142.891

Type  : Slow 1200mV 85C Model Setup 'lfsr_8:inst11|converter:convert|vclkslow'
Slack : -0.497
TNS   : -0.826

Type  : Slow 1200mV 85C Model Setup 'upCounter:inst9|converter:convert|vclkslow'
Slack : -0.385
TNS   : -1.954

Type  : Slow 1200mV 85C Model Setup 'lfsr_9:inst13|converter:convert|vclkslow'
Slack : -0.095
TNS   : -0.095

Type  : Slow 1200mV 85C Model Hold 'inst2|altpll_component|auto_generated|pll1|clk[0]'
Slack : -0.191
TNS   : -0.191

Type  : Slow 1200mV 85C Model Hold 'MOUSE:inst6|MOUSE_CLK_FILTER'
Slack : 0.219
TNS   : 0.000

Type  : Slow 1200mV 85C Model Hold 'VGA_SYNC:inst|vert_sync_out'
Slack : 0.344
TNS   : 0.000

Type  : Slow 1200mV 85C Model Hold 'upCounter:inst9|converter:convert|vclkslow'
Slack : 0.358
TNS   : 0.000

Type  : Slow 1200mV 85C Model Hold 'lfsr_8:inst11|converter:convert|vclkslow'
Slack : 0.374
TNS   : 0.000

Type  : Slow 1200mV 85C Model Hold 'lfsr_9:inst13|converter:convert|vclkslow'
Slack : 0.395
TNS   : 0.000

Type  : Slow 1200mV 85C Model Recovery 'MOUSE:inst6|MOUSE_CLK_FILTER'
Slack : -0.038
TNS   : -0.338

Type  : Slow 1200mV 85C Model Removal 'MOUSE:inst6|MOUSE_CLK_FILTER'
Slack : 0.031
TNS   : 0.000

Type  : Slow 1200mV 85C Model Minimum Pulse Width 'MOUSE:inst6|MOUSE_CLK_FILTER'
Slack : -1.000
TNS   : -92.000

Type  : Slow 1200mV 85C Model Minimum Pulse Width 'VGA_SYNC:inst|vert_sync_out'
Slack : -1.000
TNS   : -91.000

Type  : Slow 1200mV 85C Model Minimum Pulse Width 'upCounter:inst9|converter:convert|vclkslow'
Slack : -1.000
TNS   : -13.000

Type  : Slow 1200mV 85C Model Minimum Pulse Width 'lfsr_9:inst13|converter:convert|vclkslow'
Slack : -1.000
TNS   : -9.000

Type  : Slow 1200mV 85C Model Minimum Pulse Width 'lfsr_8:inst11|converter:convert|vclkslow'
Slack : -1.000
TNS   : -8.000

Type  : Slow 1200mV 85C Model Minimum Pulse Width 'clk'
Slack : 9.825
TNS   : 0.000

Type  : Slow 1200mV 85C Model Minimum Pulse Width 'inst2|altpll_component|auto_generated|pll1|clk[0]'
Slack : 19.733
TNS   : 0.000

Type  : Slow 1200mV 0C Model Setup 'inst2|altpll_component|auto_generated|pll1|clk[0]'
Slack : -5.904
TNS   : -80.821

Type  : Slow 1200mV 0C Model Setup 'VGA_SYNC:inst|vert_sync_out'
Slack : -4.531
TNS   : -252.348

Type  : Slow 1200mV 0C Model Setup 'MOUSE:inst6|MOUSE_CLK_FILTER'
Slack : -1.632
TNS   : -120.183

Type  : Slow 1200mV 0C Model Setup 'lfsr_8:inst11|converter:convert|vclkslow'
Slack : -0.325
TNS   : -0.415

Type  : Slow 1200mV 0C Model Setup 'upCounter:inst9|converter:convert|vclkslow'
Slack : -0.234
TNS   : -0.850

Type  : Slow 1200mV 0C Model Setup 'lfsr_9:inst13|converter:convert|vclkslow'
Slack : 0.028
TNS   : 0.000

Type  : Slow 1200mV 0C Model Hold 'inst2|altpll_component|auto_generated|pll1|clk[0]'
Slack : -0.297
TNS   : -0.297

Type  : Slow 1200mV 0C Model Hold 'VGA_SYNC:inst|vert_sync_out'
Slack : 0.300
TNS   : 0.000

Type  : Slow 1200mV 0C Model Hold 'upCounter:inst9|converter:convert|vclkslow'
Slack : 0.310
TNS   : 0.000

Type  : Slow 1200mV 0C Model Hold 'MOUSE:inst6|MOUSE_CLK_FILTER'
Slack : 0.313
TNS   : 0.000

Type  : Slow 1200mV 0C Model Hold 'lfsr_8:inst11|converter:convert|vclkslow'
Slack : 0.339
TNS   : 0.000

Type  : Slow 1200mV 0C Model Hold 'lfsr_9:inst13|converter:convert|vclkslow'
Slack : 0.358
TNS   : 0.000

Type  : Slow 1200mV 0C Model Recovery 'MOUSE:inst6|MOUSE_CLK_FILTER'
Slack : -0.132
TNS   : -1.872

Type  : Slow 1200mV 0C Model Removal 'MOUSE:inst6|MOUSE_CLK_FILTER'
Slack : 0.243
TNS   : 0.000

Type  : Slow 1200mV 0C Model Minimum Pulse Width 'MOUSE:inst6|MOUSE_CLK_FILTER'
Slack : -1.000
TNS   : -92.000

Type  : Slow 1200mV 0C Model Minimum Pulse Width 'VGA_SYNC:inst|vert_sync_out'
Slack : -1.000
TNS   : -91.000

Type  : Slow 1200mV 0C Model Minimum Pulse Width 'upCounter:inst9|converter:convert|vclkslow'
Slack : -1.000
TNS   : -13.000

Type  : Slow 1200mV 0C Model Minimum Pulse Width 'lfsr_9:inst13|converter:convert|vclkslow'
Slack : -1.000
TNS   : -9.000

Type  : Slow 1200mV 0C Model Minimum Pulse Width 'lfsr_8:inst11|converter:convert|vclkslow'
Slack : -1.000
TNS   : -8.000

Type  : Slow 1200mV 0C Model Minimum Pulse Width 'clk'
Slack : 9.785
TNS   : 0.000

Type  : Slow 1200mV 0C Model Minimum Pulse Width 'inst2|altpll_component|auto_generated|pll1|clk[0]'
Slack : 19.738
TNS   : 0.000

Type  : Fast 1200mV 0C Model Setup 'inst2|altpll_component|auto_generated|pll1|clk[0]'
Slack : -3.460
TNS   : -45.759

Type  : Fast 1200mV 0C Model Setup 'VGA_SYNC:inst|vert_sync_out'
Slack : -2.453
TNS   : -129.541

Type  : Fast 1200mV 0C Model Setup 'MOUSE:inst6|MOUSE_CLK_FILTER'
Slack : -0.597
TNS   : -38.728

Type  : Fast 1200mV 0C Model Setup 'lfsr_8:inst11|converter:convert|vclkslow'
Slack : 0.139
TNS   : 0.000

Type  : Fast 1200mV 0C Model Setup 'upCounter:inst9|converter:convert|vclkslow'
Slack : 0.227
TNS   : 0.000

Type  : Fast 1200mV 0C Model Setup 'lfsr_9:inst13|converter:convert|vclkslow'
Slack : 0.386
TNS   : 0.000

Type  : Fast 1200mV 0C Model Hold 'inst2|altpll_component|auto_generated|pll1|clk[0]'
Slack : -0.140
TNS   : -0.140

Type  : Fast 1200mV 0C Model Hold 'MOUSE:inst6|MOUSE_CLK_FILTER'
Slack : 0.152
TNS   : 0.000

Type  : Fast 1200mV 0C Model Hold 'VGA_SYNC:inst|vert_sync_out'
Slack : 0.179
TNS   : 0.000

Type  : Fast 1200mV 0C Model Hold 'upCounter:inst9|converter:convert|vclkslow'
Slack : 0.187
TNS   : 0.000

Type  : Fast 1200mV 0C Model Hold 'lfsr_8:inst11|converter:convert|vclkslow'
Slack : 0.195
TNS   : 0.000

Type  : Fast 1200mV 0C Model Hold 'lfsr_9:inst13|converter:convert|vclkslow'
Slack : 0.205
TNS   : 0.000

Type  : Fast 1200mV 0C Model Recovery 'MOUSE:inst6|MOUSE_CLK_FILTER'
Slack : 0.171
TNS   : 0.000

Type  : Fast 1200mV 0C Model Removal 'MOUSE:inst6|MOUSE_CLK_FILTER'
Slack : 0.100
TNS   : 0.000

Type  : Fast 1200mV 0C Model Minimum Pulse Width 'MOUSE:inst6|MOUSE_CLK_FILTER'
Slack : -1.000
TNS   : -92.000

Type  : Fast 1200mV 0C Model Minimum Pulse Width 'VGA_SYNC:inst|vert_sync_out'
Slack : -1.000
TNS   : -91.000

Type  : Fast 1200mV 0C Model Minimum Pulse Width 'upCounter:inst9|converter:convert|vclkslow'
Slack : -1.000
TNS   : -13.000

Type  : Fast 1200mV 0C Model Minimum Pulse Width 'lfsr_9:inst13|converter:convert|vclkslow'
Slack : -1.000
TNS   : -9.000

Type  : Fast 1200mV 0C Model Minimum Pulse Width 'lfsr_8:inst11|converter:convert|vclkslow'
Slack : -1.000
TNS   : -8.000

Type  : Fast 1200mV 0C Model Minimum Pulse Width 'clk'
Slack : 9.585
TNS   : 0.000

Type  : Fast 1200mV 0C Model Minimum Pulse Width 'inst2|altpll_component|auto_generated|pll1|clk[0]'
Slack : 19.746
TNS   : 0.000

------------------------------------------------------------
