------------------------------------------------------------
TimeQuest Timing Analyzer Summary
------------------------------------------------------------

Type  : Slow 1200mV 85C Model Setup 'inst2|altpll_component|auto_generated|pll1|clk[0]'
Slack : -6.716
TNS   : -441.038

Type  : Slow 1200mV 85C Model Setup 'VGA_SYNC:inst|vert_sync_out'
Slack : -4.986
TNS   : -281.291

Type  : Slow 1200mV 85C Model Setup 'MOUSE:inst6|MOUSE_CLK_FILTER'
Slack : -2.128
TNS   : -159.388

Type  : Slow 1200mV 85C Model Setup 'upCounter:inst9|converter:convert|vclkslow'
Slack : -0.380
TNS   : -2.062

Type  : Slow 1200mV 85C Model Setup 'lfsr_9:inst13|converter:convert|vclkslow'
Slack : -0.115
TNS   : -0.225

Type  : Slow 1200mV 85C Model Setup 'lfsr_8:inst11|converter:convert|vclkslow'
Slack : -0.065
TNS   : -0.229

Type  : Slow 1200mV 85C Model Hold 'inst2|altpll_component|auto_generated|pll1|clk[0]'
Slack : -0.186
TNS   : -0.186

Type  : Slow 1200mV 85C Model Hold 'MOUSE:inst6|MOUSE_CLK_FILTER'
Slack : -0.033
TNS   : -0.069

Type  : Slow 1200mV 85C Model Hold 'VGA_SYNC:inst|vert_sync_out'
Slack : 0.344
TNS   : 0.000

Type  : Slow 1200mV 85C Model Hold 'upCounter:inst9|converter:convert|vclkslow'
Slack : 0.358
TNS   : 0.000

Type  : Slow 1200mV 85C Model Hold 'lfsr_8:inst11|converter:convert|vclkslow'
Slack : 0.378
TNS   : 0.000

Type  : Slow 1200mV 85C Model Hold 'lfsr_9:inst13|converter:convert|vclkslow'
Slack : 0.398
TNS   : 0.000

Type  : Slow 1200mV 85C Model Recovery 'MOUSE:inst6|MOUSE_CLK_FILTER'
Slack : 0.134
TNS   : 0.000

Type  : Slow 1200mV 85C Model Removal 'MOUSE:inst6|MOUSE_CLK_FILTER'
Slack : -0.128
TNS   : -1.729

Type  : Slow 1200mV 85C Model Minimum Pulse Width 'VGA_SYNC:inst|vert_sync_out'
Slack : -1.000
TNS   : -94.000

Type  : Slow 1200mV 85C Model Minimum Pulse Width 'MOUSE:inst6|MOUSE_CLK_FILTER'
Slack : -1.000
TNS   : -92.000

Type  : Slow 1200mV 85C Model Minimum Pulse Width 'upCounter:inst9|converter:convert|vclkslow'
Slack : -1.000
TNS   : -13.000

Type  : Slow 1200mV 85C Model Minimum Pulse Width 'lfsr_9:inst13|converter:convert|vclkslow'
Slack : -1.000
TNS   : -9.000

Type  : Slow 1200mV 85C Model Minimum Pulse Width 'lfsr_8:inst11|converter:convert|vclkslow'
Slack : -1.000
TNS   : -8.000

Type  : Slow 1200mV 85C Model Minimum Pulse Width 'clk'
Slack : 9.825
TNS   : 0.000

Type  : Slow 1200mV 85C Model Minimum Pulse Width 'inst2|altpll_component|auto_generated|pll1|clk[0]'
Slack : 19.735
TNS   : 0.000

Type  : Slow 1200mV 0C Model Setup 'inst2|altpll_component|auto_generated|pll1|clk[0]'
Slack : -5.786
TNS   : -382.169

Type  : Slow 1200mV 0C Model Setup 'VGA_SYNC:inst|vert_sync_out'
Slack : -4.381
TNS   : -244.206

Type  : Slow 1200mV 0C Model Setup 'MOUSE:inst6|MOUSE_CLK_FILTER'
Slack : -1.820
TNS   : -135.390

Type  : Slow 1200mV 0C Model Setup 'upCounter:inst9|converter:convert|vclkslow'
Slack : -0.228
TNS   : -0.889

Type  : Slow 1200mV 0C Model Setup 'lfsr_9:inst13|converter:convert|vclkslow'
Slack : 0.006
TNS   : 0.000

Type  : Slow 1200mV 0C Model Setup 'lfsr_8:inst11|converter:convert|vclkslow'
Slack : 0.055
TNS   : 0.000

Type  : Slow 1200mV 0C Model Hold 'inst2|altpll_component|auto_generated|pll1|clk[0]'
Slack : -0.293
TNS   : -0.293

Type  : Slow 1200mV 0C Model Hold 'MOUSE:inst6|MOUSE_CLK_FILTER'
Slack : 0.183
TNS   : 0.000

Type  : Slow 1200mV 0C Model Hold 'VGA_SYNC:inst|vert_sync_out'
Slack : 0.299
TNS   : 0.000

Type  : Slow 1200mV 0C Model Hold 'upCounter:inst9|converter:convert|vclkslow'
Slack : 0.312
TNS   : 0.000

Type  : Slow 1200mV 0C Model Hold 'lfsr_8:inst11|converter:convert|vclkslow'
Slack : 0.341
TNS   : 0.000

Type  : Slow 1200mV 0C Model Hold 'lfsr_9:inst13|converter:convert|vclkslow'
Slack : 0.354
TNS   : 0.000

Type  : Slow 1200mV 0C Model Recovery 'MOUSE:inst6|MOUSE_CLK_FILTER'
Slack : 0.029
TNS   : 0.000

Type  : Slow 1200mV 0C Model Removal 'MOUSE:inst6|MOUSE_CLK_FILTER'
Slack : 0.094
TNS   : 0.000

Type  : Slow 1200mV 0C Model Minimum Pulse Width 'VGA_SYNC:inst|vert_sync_out'
Slack : -1.000
TNS   : -94.000

Type  : Slow 1200mV 0C Model Minimum Pulse Width 'MOUSE:inst6|MOUSE_CLK_FILTER'
Slack : -1.000
TNS   : -92.000

Type  : Slow 1200mV 0C Model Minimum Pulse Width 'upCounter:inst9|converter:convert|vclkslow'
Slack : -1.000
TNS   : -13.000

Type  : Slow 1200mV 0C Model Minimum Pulse Width 'lfsr_9:inst13|converter:convert|vclkslow'
Slack : -1.000
TNS   : -9.000

Type  : Slow 1200mV 0C Model Minimum Pulse Width 'lfsr_8:inst11|converter:convert|vclkslow'
Slack : -1.000
TNS   : -8.000

Type  : Slow 1200mV 0C Model Minimum Pulse Width 'clk'
Slack : 9.785
TNS   : 0.000

Type  : Slow 1200mV 0C Model Minimum Pulse Width 'inst2|altpll_component|auto_generated|pll1|clk[0]'
Slack : 19.742
TNS   : 0.000

Type  : Fast 1200mV 0C Model Setup 'inst2|altpll_component|auto_generated|pll1|clk[0]'
Slack : -3.480
TNS   : -218.043

Type  : Fast 1200mV 0C Model Setup 'VGA_SYNC:inst|vert_sync_out'
Slack : -2.366
TNS   : -122.058

Type  : Fast 1200mV 0C Model Setup 'MOUSE:inst6|MOUSE_CLK_FILTER'
Slack : -0.793
TNS   : -49.396

Type  : Fast 1200mV 0C Model Setup 'upCounter:inst9|converter:convert|vclkslow'
Slack : 0.231
TNS   : 0.000

Type  : Fast 1200mV 0C Model Setup 'lfsr_9:inst13|converter:convert|vclkslow'
Slack : 0.368
TNS   : 0.000

Type  : Fast 1200mV 0C Model Setup 'lfsr_8:inst11|converter:convert|vclkslow'
Slack : 0.401
TNS   : 0.000

Type  : Fast 1200mV 0C Model Hold 'inst2|altpll_component|auto_generated|pll1|clk[0]'
Slack : -0.137
TNS   : -0.137

Type  : Fast 1200mV 0C Model Hold 'MOUSE:inst6|MOUSE_CLK_FILTER'
Slack : 0.047
TNS   : 0.000

Type  : Fast 1200mV 0C Model Hold 'VGA_SYNC:inst|vert_sync_out'
Slack : 0.180
TNS   : 0.000

Type  : Fast 1200mV 0C Model Hold 'upCounter:inst9|converter:convert|vclkslow'
Slack : 0.187
TNS   : 0.000

Type  : Fast 1200mV 0C Model Hold 'lfsr_8:inst11|converter:convert|vclkslow'
Slack : 0.198
TNS   : 0.000

Type  : Fast 1200mV 0C Model Hold 'lfsr_9:inst13|converter:convert|vclkslow'
Slack : 0.210
TNS   : 0.000

Type  : Fast 1200mV 0C Model Recovery 'MOUSE:inst6|MOUSE_CLK_FILTER'
Slack : 0.278
TNS   : 0.000

Type  : Fast 1200mV 0C Model Removal 'MOUSE:inst6|MOUSE_CLK_FILTER'
Slack : 0.009
TNS   : 0.000

Type  : Fast 1200mV 0C Model Minimum Pulse Width 'VGA_SYNC:inst|vert_sync_out'
Slack : -1.000
TNS   : -94.000

Type  : Fast 1200mV 0C Model Minimum Pulse Width 'MOUSE:inst6|MOUSE_CLK_FILTER'
Slack : -1.000
TNS   : -92.000

Type  : Fast 1200mV 0C Model Minimum Pulse Width 'upCounter:inst9|converter:convert|vclkslow'
Slack : -1.000
TNS   : -13.000

Type  : Fast 1200mV 0C Model Minimum Pulse Width 'lfsr_9:inst13|converter:convert|vclkslow'
Slack : -1.000
TNS   : -9.000

Type  : Fast 1200mV 0C Model Minimum Pulse Width 'lfsr_8:inst11|converter:convert|vclkslow'
Slack : -1.000
TNS   : -8.000

Type  : Fast 1200mV 0C Model Minimum Pulse Width 'clk'
Slack : 9.585
TNS   : 0.000

Type  : Fast 1200mV 0C Model Minimum Pulse Width 'inst2|altpll_component|auto_generated|pll1|clk[0]'
Slack : 19.743
TNS   : 0.000

------------------------------------------------------------
